[0m15:39:22.489502 [debug] [MainThread]: Sending event: {'category': 'dbt', 'action': 'invocation', 'label': 'start', 'context': [<snowplow_tracker.self_describing_json.SelfDescribingJson object at 0x0000027E9C38C6E0>, <snowplow_tracker.self_describing_json.SelfDescribingJson object at 0x0000027E9CB611D0>, <snowplow_tracker.self_describing_json.SelfDescribingJson object at 0x0000027E9D1C3ED0>]}


============================== 15:39:22.493221 | 424b7f22-e6f0-498f-add3-4363a7561b66 ==============================
[0m15:39:22.493221 [info ] [MainThread]: Running with dbt=1.10.15
[0m15:39:22.493807 [debug] [MainThread]: running dbt with arguments {'static_parser': 'True', 'no_print': 'None', 'version_check': 'True', 'warn_error_options': 'WarnErrorOptionsV2(error=[], warn=[], silence=[])', 'target_path': 'None', 'printer_width': '80', 'write_json': 'True', 'empty': 'None', 'log_cache_events': 'False', 'introspect': 'True', 'cache_selected_only': 'False', 'log_format': 'default', 'debug': 'False', 'fail_fast': 'False', 'partial_parse': 'True', 'send_anonymous_usage_stats': 'True', 'quiet': 'False', 'warn_error': 'None', 'profiles_dir': 'C:\\Users\\Adam White\\.dbt', 'use_colors': 'True', 'invocation_command': 'dbt debug', 'indirect_selection': 'eager', 'use_experimental_parser': 'False', 'log_path': 'logs'}
[0m15:39:22.509470 [info ] [MainThread]: dbt version: 1.10.15
[0m15:39:22.509811 [info ] [MainThread]: python version: 3.13.9
[0m15:39:22.510180 [info ] [MainThread]: python path: C:\Users\Adam White\Desktop\ttc-analytics-hub\warehouse\venv2\Scripts\python.exe
[0m15:39:22.510542 [info ] [MainThread]: os info: Windows-11-10.0.26100-SP0
[0m15:39:22.593384 [info ] [MainThread]: Using profiles dir at C:\Users\Adam White\.dbt
[0m15:39:22.593878 [info ] [MainThread]: Using profiles.yml file at C:\Users\Adam White\.dbt\profiles.yml
[0m15:39:22.594252 [info ] [MainThread]: Using dbt_project.yml file at C:\Users\Adam White\Desktop\ttc-analytics-hub\dbt_project.yml
[0m15:39:22.596267 [info ] [MainThread]: adapter type: duckdb
[0m15:39:22.596595 [info ] [MainThread]: adapter version: 1.10.0
[0m15:39:22.596978 [info ] [MainThread]: Configuration:
[0m15:39:22.597266 [info ] [MainThread]:   profiles.yml file [[32mOK found and valid[0m]
[0m15:39:22.597528 [info ] [MainThread]:   dbt_project.yml file [[31mERROR not found[0m]
[0m15:39:22.597787 [info ] [MainThread]: Required dependencies:
[0m15:39:22.598061 [debug] [MainThread]: Executing "git --help"
[0m15:39:22.630996 [debug] [MainThread]: STDOUT: "b"usage: git [-v | --version] [-h | --help] [-C <path>] [-c <name>=<value>]\n           [--exec-path[=<path>]] [--html-path] [--man-path] [--info-path]\n           [-p | --paginate | -P | --no-pager] [--no-replace-objects] [--no-lazy-fetch]\n           [--no-optional-locks] [--no-advice] [--bare] [--git-dir=<path>]\n           [--work-tree=<path>] [--namespace=<name>] [--config-env=<name>=<envvar>]\n           <command> [<args>]\n\nThese are common Git commands used in various situations:\n\nstart a working area (see also: git help tutorial)\n   clone      Clone a repository into a new directory\n   init       Create an empty Git repository or reinitialize an existing one\n\nwork on the current change (see also: git help everyday)\n   add        Add file contents to the index\n   mv         Move or rename a file, a directory, or a symlink\n   restore    Restore working tree files\n   rm         Remove files from the working tree and from the index\n\nexamine the history and state (see also: git help revisions)\n   bisect     Use binary search to find the commit that introduced a bug\n   diff       Show changes between commits, commit and working tree, etc\n   grep       Print lines matching a pattern\n   log        Show commit logs\n   show       Show various types of objects\n   status     Show the working tree status\n\ngrow, mark and tweak your common history\n   backfill   Download missing objects in a partial clone\n   branch     List, create, or delete branches\n   commit     Record changes to the repository\n   merge      Join two or more development histories together\n   rebase     Reapply commits on top of another base tip\n   reset      Reset current HEAD to the specified state\n   switch     Switch branches\n   tag        Create, list, delete or verify tags\n\ncollaborate (see also: git help workflows)\n   fetch      Download objects and refs from another repository\n   pull       Fetch from and integrate with another repository or a local branch\n   push       Update remote refs along with associated objects\n\n'git help -a' and 'git help -g' list available subcommands and some\nconcept guides. See 'git help <command>' or 'git help <concept>'\nto read about a specific subcommand or concept.\nSee 'git help git' for an overview of the system.\n""
[0m15:39:22.631768 [debug] [MainThread]: STDERR: "b''"
[0m15:39:22.632156 [info ] [MainThread]:  - git [[32mOK found[0m]

[0m15:39:22.632568 [info ] [MainThread]: Connection:
[0m15:39:22.632975 [info ] [MainThread]:   database: analytics
[0m15:39:22.633347 [info ] [MainThread]:   schema: main
[0m15:39:22.633698 [info ] [MainThread]:   path: warehouse/analytics.duckdb
[0m15:39:22.634046 [info ] [MainThread]:   config_options: None
[0m15:39:22.634390 [info ] [MainThread]:   extensions: None
[0m15:39:22.634726 [info ] [MainThread]:   settings: {}
[0m15:39:22.635066 [info ] [MainThread]:   external_root: .
[0m15:39:22.635402 [info ] [MainThread]:   use_credential_provider: None
[0m15:39:22.635736 [info ] [MainThread]:   attach: None
[0m15:39:22.636068 [info ] [MainThread]:   filesystems: None
[0m15:39:22.636401 [info ] [MainThread]:   remote: None
[0m15:39:22.636735 [info ] [MainThread]:   plugins: None
[0m15:39:22.637071 [info ] [MainThread]:   disable_transactions: False
[0m15:39:22.637727 [info ] [MainThread]: Registered adapter: duckdb=1.10.0
[0m15:39:22.882049 [debug] [MainThread]: Acquiring new duckdb connection 'debug'
[0m15:39:22.947938 [debug] [MainThread]: Using duckdb connection "debug"
[0m15:39:22.948296 [debug] [MainThread]: On debug: select 1 as id
[0m15:39:22.948551 [debug] [MainThread]: Opening a new connection, currently in state init
[0m15:39:22.963047 [debug] [MainThread]: SQL status: OK in 0.014 seconds
[0m15:39:22.964096 [debug] [MainThread]: On debug: Close
[0m15:39:22.964478 [info ] [MainThread]:   Connection test: [[32mOK connection ok[0m]

[0m15:39:22.965069 [info ] [MainThread]: [31m1 check failed:[0m
[0m15:39:22.965562 [info ] [MainThread]: Project loading failed for the following reason:
 project path <C:\Users\Adam White\Desktop\ttc-analytics-hub\dbt_project.yml> not found

[0m15:39:22.966540 [debug] [MainThread]: Command `dbt debug` failed at 15:39:22.966425 after 0.57 seconds
[0m15:39:22.966944 [debug] [MainThread]: Connection 'debug' was properly closed.
[0m15:39:22.967381 [debug] [MainThread]: Sending event: {'category': 'dbt', 'action': 'invocation', 'label': 'end', 'context': [<snowplow_tracker.self_describing_json.SelfDescribingJson object at 0x0000027E9E904050>, <snowplow_tracker.self_describing_json.SelfDescribingJson object at 0x0000027E9E56D5B0>, <snowplow_tracker.self_describing_json.SelfDescribingJson object at 0x0000027E9E363350>]}
[0m15:39:22.967782 [debug] [MainThread]: Flushing usage events
[0m15:39:23.337094 [debug] [MainThread]: An error was encountered while trying to flush usage events
